// Jest Snapshot v1, https://goo.gl/fbAQLP

exports[`Favorites tests should render and match snapshot 1`] = `
<DocumentFragment>
  <li
    class="py-3 list-group-item-dark border-bottom rounded border-dark"
  >
    test joke
  </li>
</DocumentFragment>
`;
