// Jest Snapshot v1, https://goo.gl/fbAQLP

exports[`SaveJoke tests should render without breaking and match snapshot 1`] = `
<DocumentFragment>
  <button
    class="my-3 btn btn-info"
    type="button"
  >
    Save to Favorites
  </button>
</DocumentFragment>
`;
