// Jest Snapshot v1, https://goo.gl/fbAQLP

exports[`Joke tests renders without breaking and matches snapshot 1`] = `
<DocumentFragment>
  <div
    class="Joke container"
  >
    <div
      class="my-3 row"
    >
      <div
        class="col"
      >
        test joke
      </div>
    </div>
  </div>
</DocumentFragment>
`;
