// Jest Snapshot v1, https://goo.gl/fbAQLP

exports[`RemoveFavorites tests should render without breaking and match snapshot 1`] = `
<DocumentFragment>
  <button
    class="my-4 mx-2 btn btn-warning"
    type="button"
  >
    Clear Favorites
  </button>
</DocumentFragment>
`;
